

1. 문자열 생성 및 추가.
127.0.0.1:6379> set user:name "jongseon"
OK
127.0.0.1:6379> get user:name
"jongseon"
127.0.0.1:6379> append user:name " is king"
(integer) 16
127.0.0.1:6379> get user:name
"jongseon is king"


2. 숫자 생성 및 증감 연산.
127.0.0.1:6379> set test1 11
OK
127.0.0.1:6379> set test2 "12"
OK
127.0.0.1:6379> incr test1
(integer) 12
127.0.0.1:6379> decr test2
(integer) 11
127.0.0.1:6379> incr user:name
(error) ERR value is not an integer or out of range


3. 여러 문자열 생성 및 습득.
127.0.0.1:6379> mset key1 1 key2 2 key3 3
OK
127.0.0.1:6379> mget key1 key2 key3
1) "1"
2) "2"
3) "3"
127.0.0.1:6379> mget key1 key2 key3 key4
1) "1"
2) "2"
3) "3"
4) (nil)


4. 값 변경.
127.0.0.1:6379> set key1 anothervalue
OK
127.0.0.1:6379> get key1
"anothervalue"


5. 유효 시간 설정.
127.0.0.1:6379> ttl key1
(integer) -1
127.0.0.1:6379> expire key1 10
(integer) 1
127.0.0.1:6379> ttl key1
(integer) 6
127.0.0.1:6379> ttl key1
(integer) 5
127.0.0.1:6379> ttl key1
(integer) 2
127.0.0.1:6379> ttl key1
(integer) -2
127.0.0.1:6379> get key1
(nil)


6. 권한 유효 시간 활용
127.0.0.1:6379> set jongseon:auth qwer4321
OK
127.0.0.1:6379> expire jongseon:auth 3600
(integer) 1
127.0.0.1:6379> get jongseon:auth
"qwer4321"
127.0.0.1:6379> ttl jongseon:auth
(integer) 3589
127.0.0.1:6379> ttl jongseon:auth
(integer) 3585


7. 중복을 허용치 않는 SET 사용.
127.0.0.1:6379> sadd youtuber:gudok jongseon
(integer) 1
127.0.0.1:6379> sadd youtuber:gudok jongseon
(integer) 0
127.0.0.1:6379> sinter youtuber:gudok
1) "jongseon"
127.0.0.1:6379> sadd youtuber:gudok jongseon2
(integer) 1
127.0.0.1:6379> sadd youtuber:gudok jongseon3
(integer) 1
127.0.0.1:6379> sinter youtuber:gudok
1) "jongseon3"
2) "jongseon"
3) "jongseon2"
127.0.0.1:6379> srem youtuber:gudok jongseon3
(integer) 1
127.0.0.1:6379> sinter youtuber:gudok
1) "jongseon"
2) "jongseon2"


8. 정렬된 SET 사용. ( 정순 출력, 역순 출력, 범위 출력 등 )
127.0.0.1:6379> zadd pvp:ranking 323 jongseon
(integer) 1
127.0.0.1:6379> zadd pvp:ranking 999 chobo
(integer) 1
127.0.0.1:6379> zadd pvp:ranking 888 babo
(integer) 1
127.0.0.1:6379> zrange pvp:ranking 0 1
1) "jongseon"
2) "babo"
127.0.0.1:6379> zrange pvp:ranking 0 10
1) "jongseon"
2) "babo"
3) "chobo"
127.0.0.1:6379> zrange pvp:ranking 0 -1
1) "jongseon"
2) "babo"
3) "chobo"
127.0.0.1:6379> zrevrange pvp:ranking 0 -1
1) "chobo"
2) "babo"
3) "jongseon"


9. List 사용.
127.0.0.1:6379> lpush guild:users jongseon
(integer) 1
127.0.0.1:6379> lpush guild:users babo
(integer) 2
127.0.0.1:6379> lpush guild:users chobo
(integer) 3
127.0.0.1:6379> lrange guild:users 0 -1
1) "chobo"
2) "babo"
3) "jongseon"
127.0.0.1:6379> rpop guild:users
"jongseon"
127.0.0.1:6379> lrange guild:users 0 -1
1) "chobo"
2) "babo"


10. Hash 사용.
127.0.0.1:6379> hset jongseon:info name jongseon email lovelybarry@naver.com
(integer) 2
127.0.0.1:6379> hget jongseon:info name
"jongseon"
127.0.0.1:6379> hlen jongseon:info
(integer) 2
127.0.0.1:6379> hgetall jongseon:info
1) "name"
2) "jongseon"
3) "email"
4) "lovelybarry@naver.com"
